============================= test session starts ==============================
platform linux -- Python 3.12.1, pytest-7.0.0, pluggy-1.6.0 -- /home/codespace/.python/current/bin/python
cachedir: .pytest_cache
rootdir: /workspaces/flask-todo-app
plugins: anyio-4.11.0
collecting ... collected 16 items

tests/test_app.py::TestCreateTask::test_create_task_simple PASSED        [  6%]
tests/test_app.py::TestCreateTask::test_create_task_with_details PASSED  [ 12%]
tests/test_app.py::TestCreateTask::test_create_multiple_tasks PASSED     [ 18%]
tests/test_app.py::TestReadTasks::test_list_empty_tasks PASSED           [ 25%]
tests/test_app.py::TestReadTasks::test_view_task_detail PASSED           [ 31%]
tests/test_app.py::TestUpdateTask::test_update_task_name PASSED          [ 37%]
tests/test_app.py::TestUpdateTask::test_update_task_priority PASSED      [ 43%]
tests/test_app.py::TestUpdateTask::test_update_task_status PASSED        [ 50%]
tests/test_app.py::TestDeleteTask::test_delete_task PASSED               [ 56%]
tests/test_app.py::TestDeleteTask::test_delete_task_removes_from_database PASSED [ 62%]
tests/test_app.py::TestDeleteTask::test_delete_multiple_tasks PASSED     [ 68%]
tests/test_app.py::TestTaskCompletion::test_complete_task PASSED         [ 75%]
tests/test_app.py::TestTaskCompletion::test_update_status_route PASSED   [ 81%]
tests/test_app.py::TestEdgeCases::test_create_task_with_empty_name PASSED [ 87%]
tests/test_app.py::TestEdgeCases::test_update_nonexistent_task PASSED    [ 93%]
tests/test_app.py::TestEdgeCases::test_delete_nonexistent_task PASSED    [100%]

=============================== warnings summary ===============================
tests/test_app.py: 11 warnings
  /usr/local/python/3.12.1/lib/python3.12/site-packages/flask_sqlalchemy/query.py:30: LegacyAPIWarning: The Query.get() method is considered legacy as of the 1.x series of SQLAlchemy and becomes a legacy construct in 2.0. The method is now available as Session.get() (deprecated since: 2.0) (Background on SQLAlchemy 2.0 at: https://sqlalche.me/e/b8d9)
    rv = self.get(ident)

tests/test_app.py::TestUpdateTask::test_update_task_priority
  /workspaces/flask-todo-app/tests/test_app.py:137: LegacyAPIWarning: The Query.get() method is considered legacy as of the 1.x series of SQLAlchemy and becomes a legacy construct in 2.0. The method is now available as Session.get() (deprecated since: 2.0) (Background on SQLAlchemy 2.0 at: https://sqlalche.me/e/b8d9)
    updated_task = Task.query.get(task_id)

tests/test_app.py::TestUpdateTask::test_update_task_status
  /workspaces/flask-todo-app/tests/test_app.py:159: LegacyAPIWarning: The Query.get() method is considered legacy as of the 1.x series of SQLAlchemy and becomes a legacy construct in 2.0. The method is now available as Session.get() (deprecated since: 2.0) (Background on SQLAlchemy 2.0 at: https://sqlalche.me/e/b8d9)
    updated_task = Task.query.get(task_id)

tests/test_app.py::TestDeleteTask::test_delete_task_removes_from_database
  /workspaces/flask-todo-app/tests/test_app.py:197: LegacyAPIWarning: The Query.get() method is considered legacy as of the 1.x series of SQLAlchemy and becomes a legacy construct in 2.0. The method is now available as Session.get() (deprecated since: 2.0) (Background on SQLAlchemy 2.0 at: https://sqlalche.me/e/b8d9)
    deleted_task = Task.query.get(task_id)

tests/test_app.py::TestDeleteTask::test_delete_multiple_tasks
  /workspaces/flask-todo-app/tests/test_app.py:221: LegacyAPIWarning: The Query.get() method is considered legacy as of the 1.x series of SQLAlchemy and becomes a legacy construct in 2.0. The method is now available as Session.get() (deprecated since: 2.0) (Background on SQLAlchemy 2.0 at: https://sqlalche.me/e/b8d9)
    deleted_task = Task.query.get(delete_id)

tests/test_app.py::TestTaskCompletion::test_complete_task
  /workspaces/flask-todo-app/tests/test_app.py:244: LegacyAPIWarning: The Query.get() method is considered legacy as of the 1.x series of SQLAlchemy and becomes a legacy construct in 2.0. The method is now available as Session.get() (deprecated since: 2.0) (Background on SQLAlchemy 2.0 at: https://sqlalche.me/e/b8d9)
    task = Task.query.get(task_id)

tests/test_app.py::TestTaskCompletion::test_update_status_route
  /workspaces/flask-todo-app/tests/test_app.py:264: LegacyAPIWarning: The Query.get() method is considered legacy as of the 1.x series of SQLAlchemy and becomes a legacy construct in 2.0. The method is now available as Session.get() (deprecated since: 2.0) (Background on SQLAlchemy 2.0 at: https://sqlalche.me/e/b8d9)
    task = Task.query.get(task_id)

-- Docs: https://docs.pytest.org/en/stable/how-to/capture-warnings.html
======================= 16 passed, 17 warnings in 1.43s ========================
